<?xml version="1.0" encoding="UTF-8"?><catalog>
  <product description="Cardigan Sweater" product_image="cardigan.jpg">
    <catalog_item age="5" gender="Women's">
      <size description="Extra Large">
        <color_swatch image="black_cardigan.jpg">Black</color_swatch>
        <color_swatch image="burgundy_cardigan.jpg">Burgundy</color_swatch>
      </size>
      <size description="Medium">
        <color_swatch image="black_cardigan.jpg">Black</color_swatch>
        <color_swatch image="burgundy_cardigan.jpg">Burgundy</color_swatch>
        <color_swatch image="navy_cardigan.jpg">Navy</color_swatch>
        <color_swatch image="red_cardigan.jpg">Red</color_swatch>
      </size>
      <size description="Large">
        <color_swatch image="black_cardigan.jpg">Black</color_swatch>
        <color_swatch image="navy_cardigan.jpg">Navy</color_swatch>
      </size>
      <size description="Small">
        <color_swatch image="burgundy_cardigan.jpg">Burgundy</color_swatch>
        <color_swatch image="navy_cardigan.jpg">Navy</color_swatch>
        <color_swatch image="red_cardigan.jpg">Red</color_swatch>
      </size>
    </catalog_item>
    <catalog_item age="2" gender="Men's">
      <size description="Medium">
        <color_swatch image="burgundy_cardigan.jpg">Burgundy</color_swatch>
        <color_swatch image="red_cardigan.jpg">Red</color_swatch>
      </size>
      <size description="Large">
        <color_swatch image="burgundy_cardigan.jpg">Burgundy</color_swatch>
        <color_swatch image="red_cardigan.jpg">Red</color_swatch>
      </size>
    </catalog_item>
  </product>
</catalog>
